// Jest Snapshot v1, https://goo.gl/fbAQLP

exports[`it works 1`] = `
<StyledComponent
  forwardedComponent={
    Object {
      "$$typeof": Symbol(react.forward_ref),
      "attrs": Array [],
      "componentStyle": ComponentStyle {
        "componentId": "sc-bdVaJa",
        "isStatic": true,
        "rules": Array [
          "
    color: #fafff7;
    box-sizing: border-box;
    text-decoration: underline;
    user-select: none;
    
    &:hover {
    text-decoration: none;
    background: #fdfdfd;
    color: #1b1b1b
  }
",
        ],
      },
      "displayName": "styled.a",
      "foldedComponentIds": Array [],
      "render": [Function],
      "styledComponentId": "sc-bdVaJa",
      "target": "a",
      "toString": [Function],
      "warnTooManyClasses": [Function],
      "withComponent": [Function],
    }
  }
  forwardedRef={null}
/>
`;
