// Jest Snapshot v1, https://goo.gl/fbAQLP

exports[`Details renders correctly 1`] = `
.c0 {
  margin: 1em 0;
  cursor: pointer;
}

.c0 summary::-webkit-details-marker {
  font-size: 0.8em;
  margin-right: 0.8em;
}

<details
  className="c0"
/>
`;
