// Jest Snapshot v1, https://goo.gl/fbAQLP

exports[`Vector renders correctly 1`] = `
.c0 {
  width: 18px;
  height: 18px;
  margin-right: 10px;
  vertical-align: text-top;
}

<img
  className="c0"
/>
`;
