// Jest Snapshot v1, https://goo.gl/fbAQLP

exports[`Container renders correctly 1`] = `
.c0 {
  display: -webkit-box;
  display: -webkit-flex;
  display: -ms-flexbox;
  display: flex;
  -webkit-flex-direction: column;
  -ms-flex-direction: column;
  flex-direction: column;
  width: 100%;
  margin: 0 auto 30px;
  max-width: 50em;
  padding-left: 15px;
  padding-right: 15px;
}

<div
  className="c0"
/>
`;
