// Jest Snapshot v1, https://goo.gl/fbAQLP

exports[`Header renders correctly 1`] = `
.c0 {
  font-size: 25px;
}

<h1
  className="c0"
/>
`;
